// Jest Snapshot v1, https://goo.gl/fbAQLP

exports[`Weather App renders correctly 1`] = `
<App>
  <div
    className="App"
  >
    <header
      className="App-header"
    >
      <img
        alt="logo"
        className="App-logo"
        src="logo.svg"
      />
      <h1
        className="App-title"
      >
        Weather App
      </h1>
    </header>
    <div
      className="weather-wrapper"
    >
      <div
        className="form-container"
      >
        <h3
          className="input-message"
        >
          Enter country code and zip code. Default is US if no country code.
        </h3>
        <Form
          getWeather={[Function]}
        >
          <form
            className="submit-form"
            onSubmit={[Function]}
          >
            <div>
              <label>
                Country: 
              </label>
              <input
                name="country"
                onChange={[Function]}
                placeholder="Country Abbreviation"
                type="text"
              />
            </div>
            <div>
              <label>
                 Zip code: 
              </label>
              <input
                className="zipcode-form"
                name="zipCode"
                onChange={[Function]}
                placeholder="Zip code"
                type="text"
              />
            </div>
            <button
              className="get-weather-button"
              disabled={true}
            >
              Get Weather
            </button>
          </form>
        </Form>
      </div>
      <div
        className="today-weather-card-container"
      >
        <TodayWeatherCard
          data={Object {}}
          displayFahrenheit={true}
          getCelsius={[Function]}
          todayForecast={false}
          toggleFahrenheit={[Function]}
        />
      </div>
      <div
        className="detailed-forest-card-container"
      >
        <DetailedForecastCard
          currentForecastDisplay={Array []}
          displayFahrenheit={true}
          forecastDisplay={false}
          getCelsius={[Function]}
          toggleFahrenheit={[Function]}
        />
      </div>
      <div
        className="weather-card-container"
      />
    </div>
  </div>
</App>
`;

exports[`Weather App when given only zip code works 1`] = `
<App>
  <div
    className="App"
  >
    <header
      className="App-header"
    >
      <img
        alt="logo"
        className="App-logo"
        src="logo.svg"
      />
      <h1
        className="App-title"
      >
        Weather App
      </h1>
    </header>
    <div
      className="weather-wrapper"
    >
      <div
        className="form-container"
      >
        <h3
          className="input-message"
        >
          Enter country code and zip code. Default is US if no country code.
        </h3>
        <Form
          getWeather={[Function]}
        >
          <form
            className="submit-form"
            onSubmit={[Function]}
          >
            <div>
              <label>
                Country: 
              </label>
              <input
                name="country"
                onChange={[Function]}
                placeholder="Country Abbreviation"
                type="text"
              />
            </div>
            <div>
              <label>
                 Zip code: 
              </label>
              <input
                className="zipcode-form"
                name="zipCode"
                onChange={[Function]}
                placeholder="Zip code"
                type="text"
              />
            </div>
            <button
              className="get-weather-button"
              disabled={true}
            >
              Get Weather
            </button>
          </form>
        </Form>
      </div>
      <div
        className="today-weather-card-container"
      >
        <TodayWeatherCard
          data={Object {}}
          displayFahrenheit={true}
          getCelsius={[Function]}
          todayForecast={false}
          toggleFahrenheit={[Function]}
        />
      </div>
      <div
        className="detailed-forest-card-container"
      >
        <DetailedForecastCard
          currentForecastDisplay={Array []}
          displayFahrenheit={true}
          forecastDisplay={false}
          getCelsius={[Function]}
          toggleFahrenheit={[Function]}
        />
      </div>
      <div
        className="weather-card-container"
      />
    </div>
  </div>
</App>
`;
